d:\uiter\code game 2d\game1\game1\debug\vc142.pdb
d:\uiter\code game 2d\game1\game1\debug\vc142.idb
d:\uiter\code game 2d\game1\game1\debug\game1.obj
d:\uiter\code game 2d\game1\game1\debug\common_function.obj
d:\uiter\code game 2d\game1\game1\debug\baseobject.obj
d:\uiter\code game 2d\game1\game1\debug\mainobject.obj
d:\uiter\code game 2d\game1\game1\debug\amoobject.obj
d:\uiter\code game 2d\game1\game1\debug\threatsobject.obj
d:\uiter\code game 2d\game1\game1\debug\explosion.obj
d:\uiter\code game 2d\game1\debug\game1.exe
d:\uiter\code game 2d\game1\game1\debug\game1.ilk
d:\uiter\code game 2d\game1\debug\game1.pdb
d:\uiter\code game 2d\game1\game1\debug\source.obj
d:\uiter\code game 2d\game1\game1\debug\baseobject.obj.enc
d:\uiter\code game 2d\game1\game1\debug\game1.obj.enc
d:\uiter\code game 2d\game1\game1\debug\game1.tlog\cl.command.1.tlog
d:\uiter\code game 2d\game1\game1\debug\game1.tlog\cl.read.1.tlog
d:\uiter\code game 2d\game1\game1\debug\game1.tlog\cl.write.1.tlog
d:\uiter\code game 2d\game1\game1\debug\game1.tlog\link.command.1.tlog
d:\uiter\code game 2d\game1\game1\debug\game1.tlog\link.read.1.tlog
d:\uiter\code game 2d\game1\game1\debug\game1.tlog\link.write.1.tlog
